// Jest Snapshot v1, https://goo.gl/fbAQLP

exports[`<Transaction /> check how renders should render everything correctly with two items from one user 1`] = `
<DocumentFragment>
  <h3
    class="sc-eCssSg ceYvmz"
  >
    Transaction
  </h3>
  <div
    class="sc-bdfBwQ gbtjgb"
  >
    <div
      class="sc-gsTCUz bwlxQF"
      direction="column"
      spacing="3"
      width="100%"
      wrap="nowrap"
    >
      <section
        class="sc-dlfnbm ctISJv"
        data-testid="DeliveryAddressSection"
      >
        <div
          class="sc-gsTCUz evuYyy"
          direction="column"
          spacing="3"
          width="100%"
          wrap="nowrap"
        >
          <h4
            class="sc-eCssSg gLASfs"
          >
            Delivery address
          </h4>
          <div
            class="sc-gsTCUz iVaLBf"
            direction="column"
            spacing="1"
            width="100%"
            wrap="nowrap"
          >
            <span
              class="sc-fubCfw osNBQ"
              color=""
              display="inline-block"
              overflow="visible"
              size="3"
              spacing="0px"
              transform=""
            >
              firstName lastName
            </span>
            <span
              class="sc-fubCfw osNBQ"
              color=""
              display="inline-block"
              overflow="visible"
              size="3"
              spacing="0px"
              transform=""
            >
              street
            </span>
            <span
              class="sc-fubCfw osNBQ"
              color=""
              display="inline-block"
              overflow="visible"
              size="3"
              spacing="0px"
              transform=""
            >
              zipCode city
            </span>
            <span
              class="sc-fubCfw osNBQ"
              color=""
              display="inline-block"
              overflow="visible"
              size="3"
              spacing="0px"
              transform=""
            >
              country
            </span>
            <span
              class="sc-fubCfw osNBQ"
              color=""
              display="inline-block"
              overflow="visible"
              size="3"
              spacing="0px"
              transform=""
            >
              phone
            </span>
          </div>
          <button
            class="sc-jSgupP kPCWJS"
            color="blue"
            type="button"
          >
            Change address
          </button>
        </div>
      </section>
      <section
        class="sc-dlfnbm ctISJv"
      >
        <h4
          class="sc-eCssSg gLASfs"
        >
          Products
        </h4>
        <div
          class="sc-bkzZxe hkHVNa"
        >
          <span
            class="sc-fubCfw jalAIu"
            color=""
            display="block"
            overflow="visible"
            size="3"
            spacing="0px"
            transform=""
          >
            <span>
              seller 
            </span>
            <a
              data-testid="CartAndTransactionItems-seller-link"
            >
              <span
                class="sc-fodVxV fCxCGe"
              >
                user1
              </span>
            </a>
          </span>
          <div
            class="sc-gsTCUz dMhtIX sc-jrAGrp jjgxPm"
            data-testid="TransactionAndOrderProdItem"
            direction="row"
            spacing="2"
            width="100%"
            wrap="nowrap"
          >
            <a
              data-testid="TransactionAndOrderProdItem-product-link-photo"
            >
              <div
                class="sc-gsTCUz cTtigW sc-crrsfI eexKSB"
                data-testid="ProductThumbnail"
                direction="row"
                height="5"
                spacing=""
                width="5"
                wrap="nowrap"
              >
                <img
                  alt="product1"
                  data-testid="ProductThumbnail-img"
                  src="no-photo.png"
                />
              </div>
            </a>
            <div
              class="sc-kEjbxe gFzfnQ"
            >
              <span
                class="name"
              >
                <a
                  data-testid="TransactionAndOrderProdItem-product-link-name"
                >
                  product1
                </a>
              </span>
              <div
                class="sc-gsTCUz erbZJc sc-iqHYGH bCSkmx"
                direction="row"
                spacing=""
                width="100%"
                wrap="nowrap"
              >
                <span
                  class="sc-fubCfw eLnxgP"
                  color="#777"
                  display="inline-block"
                  overflow="visible"
                  size="2"
                  spacing="0px"
                  transform=""
                >
                  4 x $10.60
                </span>
                <span
                  class="sc-fubCfw bvkSGA"
                  color=""
                  display="inline-block"
                  overflow="visible"
                  size="4"
                  spacing="0px"
                  transform=""
                >
                  $42.40
                </span>
              </div>
            </div>
          </div>
          <div
            class="sc-gsTCUz dMhtIX sc-jrAGrp jjgxPm"
            data-testid="TransactionAndOrderProdItem"
            direction="row"
            spacing="2"
            width="100%"
            wrap="nowrap"
          >
            <a
              data-testid="TransactionAndOrderProdItem-product-link-photo"
            >
              <div
                class="sc-gsTCUz cTtigW sc-crrsfI eexKSB"
                data-testid="ProductThumbnail"
                direction="row"
                height="5"
                spacing=""
                width="5"
                wrap="nowrap"
              >
                <img
                  alt="product2"
                  data-testid="ProductThumbnail-img"
                  src="no-photo.png"
                />
              </div>
            </a>
            <div
              class="sc-kEjbxe gFzfnQ"
            >
              <span
                class="name"
              >
                <a
                  data-testid="TransactionAndOrderProdItem-product-link-name"
                >
                  product2
                </a>
              </span>
              <div
                class="sc-gsTCUz erbZJc sc-iqHYGH bCSkmx"
                direction="row"
                spacing=""
                width="100%"
                wrap="nowrap"
              >
                <span
                  class="sc-fubCfw eLnxgP"
                  color="#777"
                  display="inline-block"
                  overflow="visible"
                  size="2"
                  spacing="0px"
                  transform=""
                >
                  6 x $299.98
                </span>
                <span
                  class="sc-fubCfw bvkSGA"
                  color=""
                  display="inline-block"
                  overflow="visible"
                  size="4"
                  spacing="0px"
                  transform=""
                >
                  $1,799.88
                </span>
              </div>
            </div>
          </div>
        </div>
      </section>
    </div>
    <section
      class="sc-hKgILt ciIrWM"
    >
      <section
        class="sc-dlfnbm ctISJv"
      >
        <div
          class="sc-gsTCUz ewxwoI"
          direction="column"
          spacing="2"
          width="100%"
          wrap="nowrap"
        >
          <div
            class="sc-gsTCUz dYcWSu"
            direction="row"
            spacing="1"
            width="100%"
            wrap="wrap"
          >
            <span
              class="sc-fubCfw bvkSGA"
              color=""
              display="inline-block"
              overflow="visible"
              size="4"
              spacing="0px"
              transform=""
            >
              To pay
            </span>
            <span
              class="sc-fubCfw cQoALv"
              color=""
              display="inline-block"
              overflow="visible"
              size="6"
              spacing="1px"
              transform=""
            >
              $1,842.28
            </span>
          </div>
          <button
            class="sc-jSgupP jrAVxS"
            color="blue"
            type="button"
          >
            I buy and pay
          </button>
        </div>
      </section>
    </section>
  </div>
</DocumentFragment>
`;

exports[`<Transaction /> check how renders should render nothing if transaction is empty 1`] = `<DocumentFragment />`;

exports[`<Transaction /> check how renders should render nothing if transaction is falsy 1`] = `<DocumentFragment />`;
