// Jest Snapshot v1, https://goo.gl/fbAQLP

exports[`<Filters /> check how renders should render everything correctly 1`] = `
<DocumentFragment>
  <div
    class="sc-gsTCUz drXtAl"
    data-testid="Filters-toggler"
  >
    <div
      class="sc-dQppl hTXijc"
      color=""
    >
      <svg>
        filters.svg
      </svg>
    </div>
    <span
      class="label"
    >
      Filters
    </span>
    <div
      class="sc-dQppl juhMHn"
      color=""
    >
      <svg>
        arrow.svg
      </svg>
    </div>
  </div>
  <section
    class="sc-eCssSg cuFRxW"
    data-testid="Filters"
  >
    <div
      class="sc-bdfBwQ XTQGb"
    >
      <div
        class="select css-2b097c-container"
      >
        <span
          aria-atomic="false"
          aria-live="polite"
          aria-relevant="additions text"
          class="css-1f43avz-a11yText-A11yText"
        />
        <div
          class=" css-yk16xz-control"
        >
          <div
            class=" css-g1d714-ValueContainer"
          >
            <div
              class=" css-1uccc91-singleValue"
            >
              Default sorting
            </div>
            <input
              aria-autocomplete="list"
              class="css-wmatm6-dummyInput-DummyInput"
              id="react-select-2-input"
              readonly=""
              tabindex="0"
              value=""
            />
          </div>
          <div
            class=" css-1hb7zxy-IndicatorsContainer"
          >
            <span
              class=" css-1okebmr-indicatorSeparator"
            />
            <div
              aria-hidden="true"
              class=" css-tlfecz-indicatorContainer"
            >
              <svg
                aria-hidden="true"
                class="css-tj5bde-Svg"
                focusable="false"
                height="20"
                viewBox="0 0 20 20"
                width="20"
              >
                <path
                  d="M4.516 7.548c0.436-0.446 1.043-0.481 1.576 0l3.908 3.747 3.908-3.747c0.533-0.481 1.141-0.446 1.574 0 0.436 0.445 0.408 1.197 0 1.615-0.406 0.418-4.695 4.502-4.695 4.502-0.217 0.223-0.502 0.335-0.787 0.335s-0.57-0.112-0.789-0.335c0 0-4.287-4.084-4.695-4.502s-0.436-1.17 0-1.615z"
                />
              </svg>
            </div>
          </div>
        </div>
        <input
          name="sortBy"
          type="hidden"
          value=""
        />
      </div>
      <div
        class="sc-jrAGrp fPUvfA"
      >
        <div
          class="sc-kEjbxe kHvlHc"
        >
          <span
            class="sc-jSgupP hYzbrm"
            color=""
            display="inline-block"
            overflow="visible"
            size="3"
            spacing="0px"
            transform=""
          >
            Price ($)
          </span>
          <div
            class="inputs"
          >
            <input
              class="sc-crrsfI dYUtiP"
              data-testid="NumberInput-minPrice"
              name="minPrice"
              type="number"
              value="10"
            />
            <span
              class="inputs-gap"
            >
              â€”
            </span>
            <input
              class="sc-crrsfI dYUtiP"
              data-testid="NumberInput-maxPrice"
              name="maxPrice"
              type="number"
              value="100"
            />
          </div>
        </div>
        <div
          class="sc-iqHYGH cknxsw"
        >
          <input
            class="input min"
            data-testid="PriceSlider-price-range-min"
            max="100"
            min="10"
            name="minPrice"
            step="0.1"
            type="range"
            value="10"
          />
          <input
            class="input max"
            data-testid="PriceSlider-price-range-max"
            max="100"
            min="10"
            name="maxPrice"
            step="0.1"
            type="range"
            value="100"
          />
          <div
            class="track"
          />
          <div
            class="range"
          />
          <div
            class="thumb left"
          />
          <div
            class="thumb right"
          />
        </div>
      </div>
      <div
        class="sc-dlfnbm jDofXQ"
      >
        <span
          class="sc-jSgupP hYzbrm"
          color=""
          display="inline-block"
          overflow="visible"
          size="3"
          spacing="0px"
          transform=""
        >
          Condition
        </span>
        <div
          class="sc-hKgILt jUSMYX"
        >
          <input
            data-testid="Filters-checkbox-new"
            id="new"
            name="new"
            type="checkbox"
          />
          <label
            for="new"
          >
            new
          </label>
        </div>
        <div
          class="sc-hKgILt jUSMYX"
        >
          <input
            data-testid="Filters-checkbox-used"
            id="used"
            name="used"
            type="checkbox"
          />
          <label
            for="used"
          >
            used
          </label>
        </div>
        <div
          class="sc-hKgILt jUSMYX"
        >
          <input
            data-testid="Filters-checkbox-not-applicable"
            id="not_applicable"
            name="not_applicable"
            type="checkbox"
          />
          <label
            for="not_applicable"
          >
            not applicable
          </label>
        </div>
      </div>
      <button
        class="sc-gKsewC gFbfGD"
        color="blue"
        data-testid="Filters-submit-btn"
        type="button"
      >
        Filter
      </button>
    </div>
  </section>
</DocumentFragment>
`;
