// Jest Snapshot v1, https://goo.gl/fbAQLP

exports[`<ResetPassword /> check how renders should render everything correctly 1`] = `
<DocumentFragment>
  <div
    class="sc-bdfBwQ hYjfqi"
  >
    <h3
      class="sc-iBPRYJ kqmSLn"
    >
      Reset your password
    </h3>
    <form
      action="#"
      class="formik-form"
    >
      <span
        class="sc-eCssSg iYsaRr"
        color=""
        display="inline-block"
        overflow="visible"
        size="1"
        spacing="0px"
        transform=""
      >
        We will send you an email with verification link. After clicking it, you receive another email with new password.
      </span>
      <div
        class="sc-fubCfw drZTsR"
        type="email"
      >
        <label
          class="sc-jrAGrp bkXExJ"
          for="email"
        >
          Email
        </label>
        <input
          autocomplete="email"
          class="sc-pFZIQ fjonmB"
          data-testid="ResetPassword-email"
          id="email"
          name="email"
          placeholder="Your email address"
          type="email"
          value=""
        />
      </div>
      <span
        class="sc-eCssSg iYsaRr"
        color=""
        display="inline-block"
        overflow="visible"
        role="link"
        size="1"
        spacing="0px"
        transform=""
      >
        <span
          class="sc-iqHYGH fHWvCx"
        >
          Login
        </span>
      </span>
      <div
        class="sc-gKsewC dLOeOj"
        direction="row"
        spacing="3"
        width="100%"
        wrap="nowrap"
      >
        <span
          class="sc-eCssSg gABWUT"
          color=""
          display="block"
          overflow="visible"
          spacing="0px"
          transform=""
        >
          <button
            class="sc-gsTCUz cpcmUx"
            color="blue"
            type="button"
          >
            cancel
          </button>
        </span>
        <button
          class="sc-gsTCUz kaTXms"
          color="blue"
          data-testid="Form-submit-btn"
          disabled=""
          type="submit"
        >
          send
        </button>
      </div>
    </form>
  </div>
</DocumentFragment>
`;
