// Jest Snapshot v1, https://goo.gl/fbAQLP

exports[`<MySellHistory /> check how renders should render everything correctly with given default data 1`] = `
<DocumentFragment>
  <div
    class="sc-dlfnbm eNBhAw"
  >
    <h3
      class="sc-dmlrTW zGXEE"
    >
      My sell history
    </h3>
    <section
      class="sc-hKgILt khuidQ"
    >
      <div
        class="sc-crrsfI jnkwPJ"
      >
        <div
          class="sc-hHftDr bPRUtw"
        >
          <label
            class="label"
            for="sortOption"
          >
            Sort
          </label>
          <div
            class="select css-2b097c-container"
            id="sortOption"
          >
            <span
              aria-atomic="false"
              aria-live="polite"
              aria-relevant="additions text"
              class="css-1f43avz-a11yText-A11yText"
            />
            <div
              class=" css-l640om-control"
            >
              <div
                class=" css-g1d714-ValueContainer"
              >
                <div
                  class=" css-1uccc91-singleValue"
                >
                  Date - from newest
                </div>
                <input
                  aria-autocomplete="list"
                  class="css-wmatm6-dummyInput-DummyInput"
                  id="react-select-2-input"
                  readonly=""
                  tabindex="0"
                  value=""
                />
              </div>
              <div
                class=" css-1hb7zxy-IndicatorsContainer"
              >
                <span
                  class=" css-1okebmr-indicatorSeparator"
                />
                <div
                  aria-hidden="true"
                  class=" css-ml9fjp-indicatorContainer"
                >
                  <svg
                    aria-hidden="true"
                    class="css-tj5bde-Svg"
                    focusable="false"
                    height="20"
                    viewBox="0 0 20 20"
                    width="20"
                  >
                    <path
                      d="M4.516 7.548c0.436-0.446 1.043-0.481 1.576 0l3.908 3.747 3.908-3.747c0.533-0.481 1.141-0.446 1.574 0 0.436 0.445 0.408 1.197 0 1.615-0.406 0.418-4.695 4.502-4.695 4.502-0.217 0.223-0.502 0.335-0.787 0.335s-0.57-0.112-0.789-0.335c0 0-4.287-4.084-4.695-4.502s-0.436-1.17 0-1.615z"
                    />
                  </svg>
                </div>
              </div>
            </div>
          </div>
        </div>
        <div
          class="sc-eCssSg kfCGWB"
          data-testid="InputPagination"
        >
          <a
            class="arrow hide-arrow"
            data-testid="InputPagination-left-arrow"
          >
            <div
              class="sc-jSgupP iHjayU"
              color=""
            >
              <svg>
                arrow.svg
              </svg>
            </div>
          </a>
          <form
            class="form-number"
          >
            <input
              class="sc-iBPRYJ eTbKPo"
              data-testid="NumberInput-page"
              name="page"
              type="number"
              value="1"
            />
          </form>
          <span
            class="sc-gKsewC hpFlQD"
            color=""
            display="inline-block"
            overflow="visible"
            size="3"
            spacing="0px"
            transform=""
          >
            of
          </span>
          <span
            class="sc-gKsewC hpFlQD"
            color=""
            data-testid="InputPagination-number-of-pages"
            display="inline-block"
            overflow="visible"
            size="3"
            spacing="0px"
            transform=""
          >
            1
          </span>
          <a
            class="arrow hide-arrow"
            data-testid="InputPagination-right-arrow"
          >
            <div
              class="sc-jSgupP elniXq"
              color=""
            >
              <svg>
                arrow.svg
              </svg>
            </div>
          </a>
        </div>
      </div>
      <div
        class="sc-jrAGrp fPUvfA"
      >
        <div
          class="sc-kEjbxe eqCUFO"
        >
          <div
            class="sc-dQppl jjWvYi"
            direction="row"
            spacing="3"
            width="100%"
            wrap="nowrap"
          >
            <span
              class="sc-gKsewC ISnTb"
              color=""
              display="inline-block"
              overflow="visible"
              size="3"
              spacing="0px"
              transform=""
            >
              <span>
                buyer 
              </span>
              <a
                data-testid="OrderList-user-link"
              >
                <span
                  class="sc-iqHYGH fHWvCx"
                >
                  buyerUser
                </span>
              </a>
            </span>
            <span
              class="sc-gKsewC dAcVpy"
              color=""
              display="inline-block"
              overflow="visible"
              size="2"
              spacing="0px"
              transform=""
            >
              28 Feb 2021, 22:13
            </span>
          </div>
          <div
            class="sc-dQppl Ejhse sc-bqyKva eCKrkI"
            data-testid="TransactionAndOrderProdItem"
            direction="row"
            spacing="2"
            width="100%"
            wrap="nowrap"
          >
            <a
              data-testid="TransactionAndOrderProdItem-product-link-photo"
            >
              <div
                class="sc-dQppl bLxFyT sc-fodVxV gdFDCb"
                data-testid="ProductThumbnail"
                direction="row"
                height="5"
                spacing=""
                width="5"
                wrap="nowrap"
              >
                <img
                  alt="product1"
                  data-testid="ProductThumbnail-img"
                  src="http://192.168.1.109:4000/orders/o1/p1/photo"
                />
              </div>
            </a>
            <div
              class="sc-kstrdz cPEvH"
            >
              <span
                class="name"
              >
                <a
                  data-testid="TransactionAndOrderProdItem-product-link-name"
                >
                  product1
                </a>
              </span>
              <div
                class="sc-dQppl hYTqVV sc-hBEYos kYeIPx"
                direction="row"
                spacing=""
                width="100%"
                wrap="nowrap"
              >
                <span
                  class="sc-gKsewC vWWge"
                  color="#777"
                  data-testid="TransactionAndOrderProdItem-product-price-per-piece"
                  display="inline-block"
                  overflow="visible"
                  size="2"
                  spacing="0px"
                  transform=""
                >
                  4 x $80.20
                </span>
                <span
                  class="sc-gKsewC bSTHgV"
                  color=""
                  display="inline-block"
                  overflow="visible"
                  size="4"
                  spacing="0px"
                  transform=""
                >
                  $320.80
                </span>
              </div>
            </div>
          </div>
          <div
            class="sc-dQppl jleYWC"
            direction="row"
            spacing="3"
            width="100%"
            wrap="nowrap"
          >
            <a
              data-testid="OrderList-order-details-link"
            >
              <button
                class="sc-fFubgz cuQJWU"
                color="blue"
                type="button"
              >
                details
              </button>
            </a>
            <div>
              <span
                class="sc-gKsewC euBNFu"
                color="#777"
                display="inline-block"
                overflow="visible"
                size="3"
                spacing="1px"
                transform=""
              >
                TOTAL
              </span>
              <span
                class="sc-gKsewC bNImzD"
                color=""
                display="inline-block"
                overflow="visible"
                size="5"
                spacing="0px"
                transform=""
              >
                $320.80
              </span>
            </div>
          </div>
        </div>
      </div>
      <div
        class="sc-pFZIQ fCNRZS"
      >
        <span
          class="sc-gKsewC rBmjh"
          color="#777"
          data-testid="PaginationCounter"
          display="inline-block"
          overflow="visible"
          size="1"
          spacing="0px"
          transform=""
        >
          1 - 1 of 1 order
        </span>
        <div
          class="sc-fubCfw hDVVIN"
          data-testid="NumberPagination"
        >
          <a
            class="arrow hide-arrow"
            data-testid="NumberPagination-left-arrow"
          >
            <div
              class="sc-jSgupP iHjayU"
              color=""
            >
              <svg>
                arrow.svg
              </svg>
            </div>
          </a>
          <a
            class="number-link active"
            data-testid="NumberPagination-page1"
          >
            1
          </a>
          <span
            class="of"
          >
            of
          </span>
          <span
            class="of"
            data-testid="NumberPagination-number-of-pages"
          >
            1
          </span>
          <a
            class="arrow hide-arrow"
            data-testid="NumberPagination-right-arrow"
          >
            <div
              class="sc-jSgupP elniXq"
              color=""
            >
              <svg>
                arrow.svg
              </svg>
            </div>
          </a>
        </div>
      </div>
    </section>
  </div>
</DocumentFragment>
`;
