// Jest Snapshot v1, https://goo.gl/fbAQLP

exports[`<Cart /> Check how renders should render empty cart 1`] = `
<DocumentFragment>
  <div
    class="sc-bdfBwQ kpYzKn"
  >
    <h3
      class="sc-gsTCUz ezAATf"
    >
      Your shopping cart is empty. Check out the latestÂ 
      <a
        data-testid="Cart-default-path-link"
      >
        <span
          class="sc-fFubgz cjsnwZ"
        >
          offers
        </span>
      </a>
    </h3>
    <h4
      class="sc-gsTCUz cuzwDI"
    >
      You can have up to 50 products in the cart
    </h4>
    <svg
      class="empty-cart-image"
    >
      empty-cart.svg
    </svg>
  </div>
</DocumentFragment>
`;

exports[`<Cart /> Check how renders should render everything correctly with one cart item 1`] = `
<DocumentFragment>
  <h3
    class="sc-gsTCUz iHHWjZ"
  >
    Your shopping cart
  </h3>
  <div
    class="sc-dlfnbm cQBmyc"
  >
    <section
      class="sc-hKgILt jLFCGR"
    >
      <div
        class="sc-jrAGrp fAfrlP"
        direction="row"
        spacing=""
        width="100%"
        wrap="nowrap"
      >
        <button
          class="sc-jSgupP icHxze"
          color="red"
          type="button"
        >
          clear the cart
        </button>
      </div>
      <div
        class="sc-idOhPF ikxypi"
      >
        <span
          class="sc-fubCfw jalAIu"
          color=""
          display="block"
          overflow="visible"
          size="3"
          spacing="0px"
          transform=""
        >
          <span>
            seller 
          </span>
          <a
            data-testid="CartAndTransactionItems-seller-link"
          >
            <span
              class="sc-fFubgz cjsnwZ"
            >
              user1
            </span>
          </a>
        </span>
        <div
          class="sc-bqyKva JQCJG"
          data-testid="CartItem"
        >
          <div
            class="photo-and-name"
          >
            <a
              data-testid="CartItem-product-link-photo"
            >
              <div
                class="sc-jrAGrp bGCJbw sc-dQppl bEkWdt"
                data-testid="ProductThumbnail"
                direction="row"
                height="7"
                spacing=""
                width="7"
                wrap="nowrap"
              >
                <img
                  alt="product name"
                  data-testid="ProductThumbnail-img"
                  src="no-photo.png"
                />
              </div>
            </a>
            <span
              class="name"
            >
              <a
                data-testid="CartItem-product-link-name"
              >
                product name
              </a>
            </span>
          </div>
          <div
            class="mobile-lower-row"
          >
            <div
              class="choose-quantity-box"
            >
              <div
                class="sc-fodVxV dsjgGH"
              >
                <button
                  class="button minus"
                  data-testid="ChooseQuantity-minus-btn"
                  type="button"
                >
                  <div
                    class="sc-hBEYos ejZCVz"
                    color=""
                    data-testid="ChooseQuantity-minus-icon"
                  >
                    <svg>
                      minus.svg
                    </svg>
                  </div>
                </button>
                <input
                  class="sc-kstrdz ceqwqy"
                  data-testid="NumberInput-quantity"
                  name="quantity"
                  type="number"
                  value="5"
                />
                <button
                  class="button plus"
                  data-testid="ChooseQuantity-plus-btn"
                  disabled=""
                  type="button"
                >
                  <div
                    class="sc-hBEYos dKYZQj"
                    color="#DADFE1"
                    data-testid="ChooseQuantity-plus-icon"
                  >
                    <svg>
                      plus.svg
                    </svg>
                  </div>
                </button>
              </div>
              <span
                class="sc-fubCfw bfbrJj"
                color=""
                data-testid="CartItem-available-quantity"
                display="inline-block"
                overflow="visible"
                size="2"
                spacing="0px"
                transform=""
              >
                of 2
              </span>
            </div>
            <div
              class="price-box"
            >
              <span
                class="sc-fubCfw ekxLGm"
                color=""
                display="inline-block"
                overflow="visible"
                size="5"
                spacing="0px"
                transform=""
              >
                $2,499.85
              </span>
              <span
                class="sc-fubCfw mDKSv"
                color=""
                data-testid="CartItem-price-per-piece"
                display="inline-block"
                overflow="visible"
                size="2"
                spacing="0px"
                transform=""
              >
                per piece $499.97
              </span>
            </div>
          </div>
          <div
            class="sc-hBEYos hrBfGW remove-icon"
            color="#F22613"
            data-testid="CartItem-trash-icon"
          >
            <svg>
              trash.svg
            </svg>
          </div>
        </div>
      </div>
    </section>
    <section
      class="sc-eCssSg bNvwyr"
    >
      <section
        class="sc-hKgILt jLFCGR"
      >
        <div
          class="sc-jrAGrp kdUhfw"
          direction="column"
          spacing="2"
          width="100%"
          wrap="nowrap"
        >
          <div
            class="sc-jrAGrp jvClWK"
            direction="row"
            spacing="1"
            width="100%"
            wrap="wrap"
          >
            <span
              class="sc-fubCfw bvkSGA"
              color=""
              display="inline-block"
              overflow="visible"
              size="4"
              spacing="0px"
              transform=""
            >
              To pay
            </span>
            <span
              class="sc-fubCfw cQoALv"
              color=""
              display="inline-block"
              overflow="visible"
              size="6"
              spacing="1px"
              transform=""
            >
              $2,499.85
            </span>
          </div>
          <button
            class="sc-jSgupP fYrlGR"
            color="blue"
            type="button"
          >
            go to summary
          </button>
        </div>
      </section>
    </section>
  </div>
</DocumentFragment>
`;

exports[`<Cart /> Check how renders should render only <Loader /> 1`] = `
<DocumentFragment>
  <div
    class="sc-gKsewC QQywS"
    data-testid="LoaderWrapper"
  >
    <div
      class="sc-iBPRYJ iftXuC"
      data-testid="Loader"
    >
      <div />
      <div />
      <div />
      <div />
    </div>
  </div>
</DocumentFragment>
`;

exports[`<Cart /> Check how renders should render that there is a problem to fetch cart 1`] = `
<DocumentFragment>
  <h3
    class="sc-gsTCUz gYothf"
  >
    There is a problem to get your shopping cart
  </h3>
</DocumentFragment>
`;
