// Jest Snapshot v1, https://goo.gl/fbAQLP

exports[`<AboutWebsite /> should render everything correctly 1`] = `
<DocumentFragment>
  <h3
    class="sc-bdfBwQ iLqPaG"
  >
    About website
  </h3>
  <span
    class="sc-gsTCUz dplKcM"
    color=""
    display="inline-block"
    overflow="visible"
    size="3"
    spacing="0px"
    transform=""
  >
    This website is not used to buy and sell products. Offers on this website are not real and orders will not be realized. Data that you specify in forms do not need to be real. However they are not processed in any way except of storing in database and displaying them on this website.
  </span>
</DocumentFragment>
`;
