// Jest Snapshot v1, https://goo.gl/fbAQLP

exports[`<MessageBox /> check how renders should NOT render anything if message is empty 1`] = `<DocumentFragment />`;

exports[`<MessageBox /> check how renders should render everything correctly if message is NOT empty 1`] = `
<DocumentFragment>
  .c2 {
  -webkit-align-items: center;
  -webkit-box-align: center;
  -ms-flex-align: center;
  align-items: center;
  display: -webkit-box;
  display: -webkit-flex;
  display: -ms-flexbox;
  display: flex;
  -webkit-box-pack: center;
  -webkit-justify-content: center;
  -ms-flex-pack: center;
  justify-content: center;
}

.c2 > svg {
  -webkit-transform: rotate(0deg);
  -ms-transform: rotate(0deg);
  transform: rotate(0deg);
  -webkit-transition: -webkit-transform 0.2s;
  -webkit-transition: transform 0.2s;
  transition: transform 0.2s;
  fill: #fff;
  width: 1.7rem;
  height: 1.7rem;
}

.c0 {
  display: -webkit-box;
  display: -webkit-flex;
  display: -ms-flexbox;
  display: flex;
  -webkit-box-pack: center;
  -webkit-justify-content: center;
  -ms-flex-pack: center;
  justify-content: center;
  left: 50%;
  -webkit-transform: translateX(-50%);
  -ms-transform: translateX(-50%);
  transform: translateX(-50%);
  max-width: 100%;
  padding: 0.8rem 1.2rem;
  position: fixed;
  top: 1.2rem;
  width: 60rem;
  z-index: 100000;
}

.c1 {
  -webkit-align-items: center;
  -webkit-box-align: center;
  -ms-flex-align: center;
  align-items: center;
  background-color: #1E8BC3;
  box-shadow: 0 0 5px rgba(0,0,0,0.3);
  color: #fff;
  display: -webkit-box;
  display: -webkit-flex;
  display: -ms-flexbox;
  display: flex;
  font-size: 1.4rem;
  -webkit-box-pack: justify;
  -webkit-justify-content: space-between;
  -ms-flex-pack: justify;
  justify-content: space-between;
  margin: 0 1.2rem;
  text-align: justify;
  padding: 0.8rem 1.2rem;
  width: 100%;
  word-break: break-word;
}

.c1 .close-icon {
  cursor: pointer;
  margin-left: 0.8rem;
  -webkit-transform: rotate(45deg);
  -ms-transform: rotate(45deg);
  transform: rotate(45deg);
}

@media only screen and (max-width:37.5em) {
  .c1 {
    font-size: 1.5rem;
    padding: 1.2rem;
  }
}

<div
    class="c0"
    data-testid="MessageBox"
  >
    <div
      class="c1"
      style="pointer-events: none; transform: translateY(-200%) translateZ(0);"
    >
      <span>
        test message
      </span>
      <div
        class="c2 close-icon"
        color="#fff"
        data-testid="MessageBox-close-icon"
      >
        <svg>
          plus.svg
        </svg>
      </div>
    </div>
  </div>
</DocumentFragment>
`;
