// Jest Snapshot v1, https://goo.gl/fbAQLP

exports[`<DeliveryAddress /> should render five <PlainText /> with correct values 1`] = `
<DocumentFragment>
  .c0 {
  display: flex;
  flex-direction: column;
  flex-wrap: nowrap;
  margin-top: 0;
  margin-right: 0;
  margin-bottom: 0;
  margin-left: 0;
  width: 100%;
}

.c0>*:not(:last-child) {
  margin-bottom: 0.8rem;
}

.c1 {
  display: inline-block;
  font-style: normal;
  font-weight: normal;
  letter-spacing: 0px;
  line-height: 1.2;
  margin-bottom: 0;
  margin-left: 0;
  margin-right: 0;
  overflow: visible;
  text-overflow: clip;
  white-space: normal;
  word-break: break-all;
  font-size: 1.5rem;
}

<div
    class="c0"
  >
    <span
      class="c1"
    >
      firstName lastName
    </span>
    <span
      class="c1"
    >
      street
    </span>
    <span
      class="c1"
    >
      zipCode city
    </span>
    <span
      class="c1"
    >
      country
    </span>
    <span
      class="c1"
    >
      phone
    </span>
  </div>
</DocumentFragment>
`;
