// Jest Snapshot v1, https://goo.gl/fbAQLP

exports[`<ChangeEmail /> check how renders should render everything correctly 1`] = `
<DocumentFragment>
  .c0 {
  -webkit-align-self: flex-start;
  -ms-flex-item-align: start;
  align-self: flex-start;
  justify-self: center;
  max-width: 100%;
  text-align: left;
  width: 65rem;
}

.c11 {
  box-shadow: 0 0 3px rgba(0,0,0,0.03);
  border-radius: 1px;
  cursor: pointer;
  font-size: 1.4rem;
  font-weight: 700;
  line-height: 1.2;
  -webkit-letter-spacing: 2px;
  -moz-letter-spacing: 2px;
  -ms-letter-spacing: 2px;
  letter-spacing: 2px;
  outline: none;
  padding: 0.8rem 1.2rem;
  position: relative;
  text-align: center;
  text-transform: uppercase;
  -webkit-transition: all 0.1s;
  transition: all 0.1s;
  background-color: transparent;
  border: 2px solid #1E8BC3;
  color: #1E8BC3;
}

.c11:hover {
  border-color: #22A7F0;
  color: #22A7F0;
}

.c12 {
  box-shadow: 0 0 3px rgba(0,0,0,0.03);
  border-radius: 1px;
  cursor: pointer;
  font-size: 1.4rem;
  font-weight: 700;
  line-height: 1.2;
  -webkit-letter-spacing: 2px;
  -moz-letter-spacing: 2px;
  -ms-letter-spacing: 2px;
  letter-spacing: 2px;
  outline: none;
  padding: 0.8rem 1.2rem;
  position: relative;
  text-align: center;
  text-transform: uppercase;
  -webkit-transition: all 0.1s;
  transition: all 0.1s;
  background-color: #1E8BC3;
  border: 2px solid #1E8BC3;
  color: #fff;
  background-color: #67809F;
  border-color: #67809F;
  color: #FAFAFA;
  cursor: not-allowed;
}

.c12:hover {
  background-color: #22A7F0;
  border-color: #22A7F0;
}

.c12:hover {
  background-color: #67809F;
  border-color: #67809F;
  color: #FAFAFA;
}

.c2 {
  display: inline-block;
  font-style: normal;
  font-weight: normal;
  -webkit-letter-spacing: 0px;
  -moz-letter-spacing: 0px;
  -ms-letter-spacing: 0px;
  letter-spacing: 0px;
  margin-bottom: 2.4rem;
  margin-left: 0;
  margin-right: 0;
  overflow: visible;
  text-overflow: clip;
  white-space: normal;
  text-align: justify;
  font-size: 1.3rem;
}

.c10 {
  display: block;
  font-style: normal;
  font-weight: normal;
  -webkit-letter-spacing: 0px;
  -moz-letter-spacing: 0px;
  -ms-letter-spacing: 0px;
  letter-spacing: 0px;
  margin-bottom: 0;
  margin-left: 0;
  margin-right: 2.4rem;
  overflow: visible;
  text-overflow: clip;
  white-space: normal;
}

.c9 {
  display: -webkit-box;
  display: -webkit-flex;
  display: -ms-flexbox;
  display: flex;
  -webkit-flex-direction: row;
  -ms-flex-direction: row;
  flex-direction: row;
  -webkit-flex-wrap: nowrap;
  -ms-flex-wrap: nowrap;
  flex-wrap: nowrap;
  -webkit-box-pack: end;
  -webkit-justify-content: flex-end;
  -ms-flex-pack: end;
  justify-content: flex-end;
  margin-top: 0;
  margin-right: 0;
  margin-bottom: 0;
  margin-left: 0;
  width: 100%;
  -webkit-box-pack: end;
  -webkit-justify-content: flex-end;
  -ms-flex-pack: end;
  justify-content: flex-end;
  -webkit-align-items: center;
  -webkit-box-align: center;
  -ms-flex-align: center;
  align-items: center;
}

.c9 > *:not(:last-child) {
  margin-right: 2.4rem;
}

.c1 {
  font-size: 2.4rem;
  font-family: Noto Sans,sans-serif;
  line-height: 1;
  margin-bottom: 2.4rem;
  margin-top: 0;
  text-align: left;
}

.c4 {
  display: -webkit-box;
  display: -webkit-flex;
  display: -ms-flexbox;
  display: flex;
  -webkit-flex-direction: column;
  -ms-flex-direction: column;
  flex-direction: column;
  margin-bottom: 2.4rem;
}

.c4 .select {
  font-size: 1.4rem;
}

.c4 .textarea {
  border: none;
  border-bottom: 3px solid rgba(0,0,0,0.1);
  outline: none;
  font-size: 1.4rem;
  font-family: inherit;
  padding: 0 0 0.8rem 0;
  -webkit-transition: border-bottom 0.1s;
  transition: border-bottom 0.1s;
  resize: none;
}

.c4 .textarea::-webkit-input-placeholder {
  color: #BFBFBF;
}

.c4 .textarea:focus {
  border-bottom: 3px solid rgba(0,0,0,0.35);
}

.c4.valid .textarea {
  border-bottom: 3px solid #009680;
}

.c4.invalid .textarea {
  border-bottom: 3px solid #F22613;
}

.c8 {
  border: none;
  border-bottom: 3px solid rgba(0,0,0,0.1);
  color: #000;
  font-size: 1.3rem;
  font-family: inherit;
  outline: none;
  padding: 0 0 0.8rem 0;
  -webkit-transition: border-bottom 0.1s;
  transition: border-bottom 0.1s;
  width: 100%;
}

.c8::-webkit-input-placeholder {
  color: #BFBFBF;
}

.c8:focus {
  border-bottom: 3px solid rgba(0,0,0,0.35);
}

.c3.valid .c7 {
  border-bottom: 3px solid #009680;
}

.c3.invalid .c7 {
  border-bottom: 3px solid #F22613;
}

.c6 {
  font-size: 1.5rem;
  padding-bottom: 0.8rem;
  -webkit-transition: color 0.1s;
  transition: color 0.1s;
}

.c3.valid .c5 {
  color: #009680;
}

.c3.invalid .c5 {
  color: #F22613;
}

<div
    class="c0"
  >
    <h3
      class="c1"
    >
      Change your email
    </h3>
    <form
      action="#"
      class="formik-form"
    >
      <span
        class="c2"
        color=""
        display="inline-block"
        overflow="visible"
        size="1"
        spacing="0px"
        transform=""
      >
        We will send to given email address an email with verification link. Link will be active for 10 minutes. To resend an email you will need to fill this form again.
      </span>
      <div
        class="c3 c4"
        type="email"
      >
        <label
          class="c5 c6"
          for="email"
        >
          New email
        </label>
        <input
          autocomplete="email"
          class="c7 c8"
          data-testid="ChangeEmail-email"
          id="email"
          name="email"
          placeholder="Your new email"
          type="email"
          value=""
        />
      </div>
      <div
        class="c3 c4"
        type="password"
      >
        <label
          class="c5 c6"
          for="currentPassword"
        >
          Current password
        </label>
        <input
          autocomplete="off"
          class="c7 c8"
          data-testid="ChangeEmail-current-password"
          id="currentPassword"
          name="currentPassword"
          placeholder="Your current password"
          type="password"
          value=""
        />
      </div>
      <div
        class="c9"
        direction="row"
        spacing="3"
        width="100%"
        wrap="nowrap"
      >
        <span
          class="c10"
          color=""
          display="block"
          overflow="visible"
          spacing="0px"
          transform=""
        >
          <button
            class="c11"
            color="blue"
            type="button"
          >
            cancel
          </button>
        </span>
        <button
          class="c12"
          color="blue"
          data-testid="Form-submit-btn"
          disabled=""
          type="submit"
        >
          change
        </button>
      </div>
    </form>
  </div>
</DocumentFragment>
`;
