// Jest Snapshot v1, https://goo.gl/fbAQLP

exports[`<PurchaseSection /> Check how renders Snapshots should render everything correctly 1`] = `
<DocumentFragment>
  <div
    class="sc-bdfBwQ jLAphW"
  >
    <div
      class="sc-iqHYGH lcqKto"
      data-testid="PurchaseSection-choose-quantity-wrapper"
      direction="row"
      spacing=""
      width="100%"
      wrap="nowrap"
    >
      <div
        class="sc-fubCfw bLlOpR"
      >
        <button
          class="button minus"
          data-testid="ChooseQuantity-minus-btn"
          disabled=""
          type="button"
        >
          <div
            class="sc-iBPRYJ bwYaRv"
            color="#DADFE1"
            data-testid="ChooseQuantity-minus-icon"
          >
            <svg>
              minus.svg
            </svg>
          </div>
        </button>
        <input
          class="sc-gKsewC hNWjI"
          data-testid="NumberInput-quantity"
          name="quantity"
          type="number"
          value="1"
        />
        <button
          class="button plus"
          data-testid="ChooseQuantity-plus-btn"
          type="button"
        >
          <div
            class="sc-iBPRYJ ftEqkT"
            color=""
            data-testid="ChooseQuantity-plus-icon"
          >
            <svg>
              plus.svg
            </svg>
          </div>
        </button>
      </div>
      <span
        class="sc-eCssSg csvHNO"
        color=""
        data-testid="PurchaseSection-product-quantity"
        display="inline-block"
        overflow="visible"
        size="2"
        spacing="0px"
        transform=""
      >
        of 5 pieces
        <span
          class="sc-eCssSg htYuXx"
          color="#777"
          data-testid="PurchaseSection-quantity-in-cart"
          display="inline-block"
          overflow="visible"
          spacing="0px"
          transform=""
        >
          Â (3 in cart)
        </span>
      </span>
    </div>
    <button
      class="sc-gsTCUz jyQmMe"
      color="blue"
      type="button"
    >
      add to cart
    </button>
    <button
      class="sc-gsTCUz jyQmMe"
      color="blue"
      type="button"
    >
      buy now
    </button>
  </div>
</DocumentFragment>
`;

exports[`<PurchaseSection /> Check how renders Snapshots should render info that user is a seller 1`] = `
<DocumentFragment>
  <div
    class="sc-bdfBwQ jLAphW"
  >
    <span
      class="sc-eCssSg hvnVVm"
      color=""
      display="inline-block"
      overflow="visible"
      size="2"
      spacing="0px"
      transform=""
    >
      Quantity: 5
    </span>
    <h4
      class="sc-kEjbxe EZwUf"
    >
      You are the seller of this product
    </h4>
  </div>
</DocumentFragment>
`;
